---
source: core/src/tensor.rs
assertion_line: 534
expression: t
---
Tensor([2, 3, 4], I64, [0, 0, 0, 0, 0, ..., 0, 0, 0, 0, 0, 0])
